export const globalClass = "globalClass";
export const child = "v5Vpzq";
export const modifier = "ado0HJ"