{"globalClass":"globalClass","child":"v5Vpzq","modifier":"ado0HJ"}