.global-class {
  width: 100%;
}

.global-class .v5Vpzq {
    color: red;
  }

.global-class.ado0HJ {
    color: blue;
  }

