module.exports = {
  localClass: "n4oS1I",
  localComposes: "i6EUck n4oS1I dgII7d",
  simpleComposes: "",
  complexComposes: "i6EUck n4oS1I dgII7d _1RrCqF pQ96hs",
  extend: "_8F86eH"
};