declare const localClass: string;
declare const localComposes: string;
declare const simpleComposes: string;
declare const complexComposes: string;
declare const extend: string
export { localClass, localComposes, simpleComposes, complexComposes, extend }