.YzVv9y{font-family:-apple-system,BlinkMacSystemFont,Segoe UI,Roboto,Oxygen,Ubuntu,Cantarell,Fira Sans,Droid Sans,Arial,Helvetica Neue,sans-serif}.XBzsTb,.YAP9F8{font-size:1em}.XBzsTb,.YdWKhm{color:red}.HMnHnG{border:1px solid red;color:#00f;display:flex;width:100px}.dgII7d{font-weight:700}.zHcJU0{height:100%}.-dnEFp{text-decoration:underline}._8F86eH{font-size:4em}.l-ITF2{color:green}.l-ITF2:hover{color:red}.x7QluR{color:green}.x7QluR:focus{color:red}.gPy6Qt{background-color:#000}.gPy6Qt:disabled{background-color:grey}html{overflow-x:hidden;overflow-y:auto;overflow:hidden auto}h1,h2,h3,h4,h5,h6{margin-bottom:0;margin-top:0}.ZlgcWo.uvJREe,main.ZlgcWo{background-image:img/background.jpg;background-image:-webkit-image-set(url("img/background.jpg") 1x,url("img/background-2x.jpg") 2x);background-image:image-set("img/background.jpg" 1x,"img/background-2x.jpg" 2x)}a{color:rgba(0,0,255,.9)}a:hover{color:#639}.AkiP_t{color:red}.AkiP_t .B_oqE3,.AkiP_t .l-e8AL{color:#00f}.pBcZ8q{color:red}.pBcZ8q .l-e8AL{color:#00f}.pBcZ8q .l-e8AL .oLzZ_N{color:green}.Vsez8s{font-size:1em}.Vsez8s.onlaI8{font-size:2em}.HbTeo6{font-size:1em}.HbTeo6.onlaI8{color:red}.HbTeo6{display:flex}.HbTeo6 .l-e8AL{font-size:.5em}.HbTeo6 .l-e8AL.IEmj7p{color:#00f}.HbTeo6 .l-e8AL.IEmj7p .vruPji{color:green}.DG8Mjh{color:red}.DG8Mjh:hover{color:#00f}.DG8Mjh:hover .PH_qY8{color:green}.DG8Mjh:hover .PH_qY8.Tmf42F{font-size:2em}.DG8Mjh:hover .PH_qY8.Tmf42F:after{content:"after";position:absolute}.McqfDp,.xl882z{font-size:1em}.hg64jR{font-size:4em}@keyframes btLJzz{0%,10%{opacity:0}15%{opacity:.4}to{opacity:1}}._8_jRhp,.btLJzz{animation-duration:.25s;animation-name:btLJzz}.global-class{width:100%}.global-class .v5Vpzq{color:red}.global-class.ado0HJ{color:#00f}.NRaoKv,.oPlD0W{font-size:1em}.FCG5GQ,.H9WShg{font-size:2em}.d8yso7,.uGM3oi{font-size:3em}._8N2ZPM{font-size:10px}._8N2ZPM ._8Urr0R{width:1em}._8N2ZPM.e2agTq{border:1px solid red}._8N2ZPM .vlAfUd{width:2em}._8N2ZPM.PgUB93{border:2px solid red}._8N2ZPM .utNk9X{width:3em}._8N2ZPM.bwOLNP{border:3px solid red}.Xj0KNQ{font-size:20px}.Xj0KNQ .SnZr3u{width:1em}.Xj0KNQ.tNdUvj{border:1px solid red}.Xj0KNQ .bUAlDZ{width:2em}.Xj0KNQ.lpuLLH{border:2px solid red}.Xj0KNQ .MdYjYw{width:3em}.Xj0KNQ.YK_gQZ{border:3px solid red}.mUzFkS{font-size:30px}.mUzFkS .KCb6ES{width:1em}.mUzFkS._2PGpjA{border:1px solid red}.mUzFkS ._4_kJbH{width:2em}.mUzFkS.eCH6U5{border:2px solid red}.mUzFkS .LSjKrm{width:3em}.mUzFkS.RYF8kF{border:3px solid red}._7XVRfh{color:transparent}._1RrCqF{color:#1a1a1a}.hKG3ag{color:#fafafa}._8o7AdB:hover{color:transparent}.DJ9tNH:hover{color:#1a1a1a}.pQ96hs:hover{color:#fafafa}.QFK-pd{background-color:transparent}.vLhOdO{background-color:#1a1a1a}.BB3914{background-color:#fafafa}.OW2t12:hover{background-color:transparent}.p0K3V_:hover{background-color:#1a1a1a}.u5CoHT:hover{background-color:#fafafa}.XMShGx:active{background-color:transparent}.pYWOaW:active{background-color:#1a1a1a}.YvQoMS:active{background-color:#fafafa}.ccA3wc{border-color:transparent}._9OMGCZ{border-color:#1a1a1a}.Y1sI0i{border-color:#fafafa}.DdLERB:hover{border-color:transparent}.sSTi9U:hover{border-color:#1a1a1a}.SrlG4o:hover{border-color:#fafafa}.WrGzoU:focus{border-color:transparent}.iSk3wh:focus{border-color:#1a1a1a}.DiF_NF:focus{border-color:#fafafa}.inverted ._1RrCqF{color:#fafafa}.inverted .hKG3ag{color:#1a1a1a}.inverted .DJ9tNH:hover{color:#fafafa}.inverted .pQ96hs:hover{color:#1a1a1a}.inverted .vLhOdO{background-color:#fafafa}.inverted .BB3914{background-color:#1a1a1a}.inverted .p0K3V_:hover{background-color:#fafafa}.inverted .u5CoHT:hover{background-color:#1a1a1a}.inverted .pYWOaW:active{background-color:#fafafa}.inverted .YvQoMS:active{background-color:#1a1a1a}.inverted ._9OMGCZ{border-color:#fafafa}.inverted .Y1sI0i{border-color:#1a1a1a}.inverted .sSTi9U:hover{border-color:#fafafa}.inverted .SrlG4o:hover{border-color:#1a1a1a}.inverted .iSk3wh:focus{border-color:#fafafa}.inverted .DiF_NF:focus{border-color:#1a1a1a}@media screen and (min-width:320px){.Rvp04b{color:transparent}.Lp5Coj{color:#1a1a1a}.HCs9Zk{color:#fafafa}.MpFFe4:hover{color:transparent}.sWWlLj:hover{color:#1a1a1a}.o6Le8p:hover{color:#fafafa}.n9uP8O{background-color:transparent}.JGmk2f{background-color:#1a1a1a}.SrYDfc{background-color:#fafafa}._3A_tYX:hover{background-color:transparent}.EWb8dI:hover{background-color:#1a1a1a}.ZNbZad:hover{background-color:#fafafa}._09Y3xY:active{background-color:transparent}._0yvfVT:active{background-color:#1a1a1a}.Nqx5Tu:active{background-color:#fafafa}.Z7zfNt{border-color:transparent}.l7cM29{border-color:#1a1a1a}.W9KYDX{border-color:#fafafa}.itJNZE:hover{border-color:transparent}.frDhwD:hover{border-color:#1a1a1a}._-3tIbX:hover{border-color:#fafafa}.z2U-id:focus{border-color:transparent}._47a4aF:focus{border-color:#1a1a1a}.VDNH3K:focus{border-color:#fafafa}.inverted .Lp5Coj{color:#fafafa}.inverted .HCs9Zk{color:#1a1a1a}.inverted .sWWlLj:hover{color:#fafafa}.inverted .o6Le8p:hover{color:#1a1a1a}.inverted .JGmk2f{background-color:#fafafa}.inverted .SrYDfc{background-color:#1a1a1a}.inverted .EWb8dI:hover{background-color:#fafafa}.inverted .ZNbZad:hover{background-color:#1a1a1a}.inverted ._0yvfVT:active{background-color:#fafafa}.inverted .Nqx5Tu:active{background-color:#1a1a1a}.inverted .l7cM29{border-color:#fafafa}.inverted .W9KYDX{border-color:#1a1a1a}.inverted .frDhwD:hover{border-color:#fafafa}.inverted ._-3tIbX:hover{border-color:#1a1a1a}.inverted ._47a4aF:focus{border-color:#fafafa}.inverted .VDNH3K:focus{border-color:#1a1a1a}}@media screen and (min-width:480px){.ZG5UC9{color:transparent}._G9XCO{color:#1a1a1a}.qP7xSn{color:#fafafa}._17TE5:hover{color:transparent}.f_hjdE:hover{color:#1a1a1a}.egCwcL:hover{color:#fafafa}.cT83fW{background-color:transparent}.cTzk67{background-color:#1a1a1a}.d87drd{background-color:#fafafa}.aR3Ubx:hover{background-color:transparent}.OkiZx1:hover{background-color:#1a1a1a}.KNhFJA:hover{background-color:#fafafa}.b_MwVS:active{background-color:transparent}.PpdrMK:active{background-color:#1a1a1a}.zi47D5:active{background-color:#fafafa}.ZaHZcI{border-color:transparent}.WZPKju{border-color:#1a1a1a}.tFW0c4{border-color:#fafafa}.JS26Ed:hover{border-color:transparent}.vjwfDZ:hover{border-color:#1a1a1a}.PIMcZH:hover{border-color:#fafafa}.Yy_yhi:focus{border-color:transparent}.k2XnVf:focus{border-color:#1a1a1a}._2_NizD:focus{border-color:#fafafa}.inverted ._G9XCO{color:#fafafa}.inverted .qP7xSn{color:#1a1a1a}.inverted .f_hjdE:hover{color:#fafafa}.inverted .egCwcL:hover{color:#1a1a1a}.inverted .cTzk67{background-color:#fafafa}.inverted .d87drd{background-color:#1a1a1a}.inverted .OkiZx1:hover{background-color:#fafafa}.inverted .KNhFJA:hover{background-color:#1a1a1a}.inverted .PpdrMK:active{background-color:#fafafa}.inverted .zi47D5:active{background-color:#1a1a1a}.inverted .WZPKju{border-color:#fafafa}.inverted .tFW0c4{border-color:#1a1a1a}.inverted .vjwfDZ:hover{border-color:#fafafa}.inverted .PIMcZH:hover{border-color:#1a1a1a}.inverted .k2XnVf:focus{border-color:#fafafa}.inverted ._2_NizD:focus{border-color:#1a1a1a}}@media screen and (min-width:768px){.McqfDp,.xl882z{font-size:2em}.Aw2D45{color:transparent}._4b92dm{color:#1a1a1a}.o8qdX5{color:#fafafa}.VmcM14:hover{color:transparent}._4pdGQt:hover{color:#1a1a1a}._8MyiUe:hover{color:#fafafa}._8eHx03{background-color:transparent}.ltaYW3{background-color:#1a1a1a}.BhFfzx{background-color:#fafafa}.rlsckE:hover{background-color:transparent}.VtITcW:hover{background-color:#1a1a1a}.MVQf1m:hover{background-color:#fafafa}.HV1jTO:active{background-color:transparent}.x3vCBC:active{background-color:#1a1a1a}._8D7pd9:active{background-color:#fafafa}.mwSZUD{border-color:transparent}._-9Btvy{border-color:#1a1a1a}.yGe1Ir{border-color:#fafafa}.fXkby9:hover{border-color:transparent}.gnRIud:hover{border-color:#1a1a1a}.fFoYjL:hover{border-color:#fafafa}._9q2qP5:focus{border-color:transparent}._11iKz3:focus{border-color:#1a1a1a}.HIkC1B:focus{border-color:#fafafa}.inverted ._4b92dm{color:#fafafa}.inverted .o8qdX5{color:#1a1a1a}.inverted ._4pdGQt:hover{color:#fafafa}.inverted ._8MyiUe:hover{color:#1a1a1a}.inverted .ltaYW3{background-color:#fafafa}.inverted .BhFfzx{background-color:#1a1a1a}.inverted .VtITcW:hover{background-color:#fafafa}.inverted .MVQf1m:hover{background-color:#1a1a1a}.inverted .x3vCBC:active{background-color:#fafafa}.inverted ._8D7pd9:active{background-color:#1a1a1a}.inverted ._-9Btvy{border-color:#fafafa}.inverted .yGe1Ir{border-color:#1a1a1a}.inverted .gnRIud:hover{border-color:#fafafa}.inverted .fFoYjL:hover{border-color:#1a1a1a}.inverted ._11iKz3:focus{border-color:#fafafa}.inverted .HIkC1B:focus{border-color:#1a1a1a}}@media screen and (min-width:1024px){.McqfDp,.xl882z{font-size:3em}.PBhfKy{color:transparent}.CgYuy9{color:#1a1a1a}.HNuXy3{color:#fafafa}.XhfU7x:hover{color:transparent}.K7oBMw:hover{color:#1a1a1a}.WumQPC:hover{color:#fafafa}.jZWNUM{background-color:transparent}.Ya3qdL{background-color:#1a1a1a}.nnqEoI{background-color:#fafafa}.ZyQBE3:hover{background-color:transparent}._3-idl1:hover{background-color:#1a1a1a}.uUQ62H:hover{background-color:#fafafa}.AoVx-4:active{background-color:transparent}.JFpWQB:active{background-color:#1a1a1a}.eWCHpU:active{background-color:#fafafa}._8z2-Ts{border-color:transparent}.p0zb6v{border-color:#1a1a1a}.CaVPgM{border-color:#fafafa}.wz8Ybj:hover{border-color:transparent}.yFX9Bt:hover{border-color:#1a1a1a}.G_Ks9n:hover{border-color:#fafafa}.MQxQG6:focus{border-color:transparent}.j1NZTt:focus{border-color:#1a1a1a}.qn6vfj:focus{border-color:#fafafa}.inverted .CgYuy9{color:#fafafa}.inverted .HNuXy3{color:#1a1a1a}.inverted .K7oBMw:hover{color:#fafafa}.inverted .WumQPC:hover{color:#1a1a1a}.inverted .Ya3qdL{background-color:#fafafa}.inverted .nnqEoI{background-color:#1a1a1a}.inverted ._3-idl1:hover{background-color:#fafafa}.inverted .uUQ62H:hover{background-color:#1a1a1a}.inverted .JFpWQB:active{background-color:#fafafa}.inverted .eWCHpU:active{background-color:#1a1a1a}.inverted .p0zb6v{border-color:#fafafa}.inverted .CaVPgM{border-color:#1a1a1a}.inverted .yFX9Bt:hover{border-color:#fafafa}.inverted .G_Ks9n:hover{border-color:#1a1a1a}.inverted .j1NZTt:focus{border-color:#fafafa}.inverted .qn6vfj:focus{border-color:#1a1a1a}}@media screen and (min-width:1280px){.Y4hs5_{color:transparent}.BEwYdP{color:#1a1a1a}.oLHsDL{color:#fafafa}.Tv9kwZ:hover{color:transparent}._3Yc9VP:hover{color:#1a1a1a}.QvUeTY:hover{color:#fafafa}.gFn7y6{background-color:transparent}._5_fipl{background-color:#1a1a1a}.VBoBXH{background-color:#fafafa}.B2ZYP6:hover{background-color:transparent}.XSzgJm:hover{background-color:#1a1a1a}.GdsyI9:hover{background-color:#fafafa}.sp6-_K:active{background-color:transparent}.m1dGmX:active{background-color:#1a1a1a}.F8ABi0:active{background-color:#fafafa}.ycqC89{border-color:transparent}.zwPMh8{border-color:#1a1a1a}.nHkSni{border-color:#fafafa}.IJQNcS:hover{border-color:transparent}.vwenav:hover{border-color:#1a1a1a}.EDikIT:hover{border-color:#fafafa}.aqBpwF:focus{border-color:transparent}.u97qUL:focus{border-color:#1a1a1a}.zzHwgX:focus{border-color:#fafafa}.inverted .BEwYdP{color:#fafafa}.inverted .oLHsDL{color:#1a1a1a}.inverted ._3Yc9VP:hover{color:#fafafa}.inverted .QvUeTY:hover{color:#1a1a1a}.inverted ._5_fipl{background-color:#fafafa}.inverted .VBoBXH{background-color:#1a1a1a}.inverted .XSzgJm:hover{background-color:#fafafa}.inverted .GdsyI9:hover{background-color:#1a1a1a}.inverted .m1dGmX:active{background-color:#fafafa}.inverted .F8ABi0:active{background-color:#1a1a1a}.inverted .zwPMh8{border-color:#fafafa}.inverted .nHkSni{border-color:#1a1a1a}.inverted .vwenav:hover{border-color:#fafafa}.inverted .EDikIT:hover{border-color:#1a1a1a}.inverted .u97qUL:focus{border-color:#fafafa}.inverted .zzHwgX:focus{border-color:#1a1a1a}}@media (max-width:50rem){body{word-wrap:break-word;color:rgba(18,52,86,.47059);font-family:system-ui,-apple-system,Segoe UI,Roboto,Ubuntu,Cantarell,Noto Sans,sans-serif;font-size:1rem;line-height:1.5rem;padding-left:calc(.5rem + 1px);padding-right:calc(.5rem + 1px)}}@media (-webkit-min-device-pixel-ratio:2),(min-resolution:192dpi){.ZlgcWo.uvJREe,main.ZlgcWo{background-image:img/background-2x.jpg}}