module.exports = {
  withVariable: "V_ma2j",
  withElectronAndVariables: "YfpiAb vLhOdO YzVv9y"
};