declare const with-variable: string;
declare const with-electron-and-variables: string
export { with-variable, with-electron-and-variables }