module.exports = {
  singleDeclaration: "_9M8f-j",
  multipleDeclarations: "o3-BnE"
};