export const singleDeclaration = "_9M8f-j";
export const multipleDeclarations = "o3-BnE"