export var hover = "l-ITF2";
export var focus = "x7QluR";
export var button = "gPy6Qt";
export var hoverElectron = "YcXvtG DJ9tNH"