declare const hover: string;
declare const focus: string;
declare const button: string;
declare const hoverElectron: string
export { hover, focus, button, hoverElectron }