module.exports = {
  hover: "l-ITF2",
  focus: "x7QluR",
  button: "gPy6Qt",
  hoverElectron: "YcXvtG DJ9tNH"
};