{"hover":"l-ITF2","focus":"x7QluR","button":"gPy6Qt","hover-electron":"_1RrCqF DJ9tNH"}