/* custom static css (e.g. normalize) can be added here */._1RrCqF {
    color: #1a1a1a
}.DJ9tNH:hover {
    color: #1a1a1a
}@media screen and (min-width: 320px) {
}@media screen and (min-width: 480px) {
}@media screen and (min-width: 768px) {
}@media screen and (min-width: 1024px) {
}@media screen and (min-width: 1280px) {
}

.l-ITF2 {
  color: green;
}

.l-ITF2:hover {
  color: red;
}

.x7QluR {
  color: green;
}

.x7QluR:focus {
  color: red;
}

.gPy6Qt {
  background-color: black;
}

.gPy6Qt:disabled {
  background-color: grey;
}
