{"responsiveClass":"_1b2v1R","responsiveClassMixedOrder":"xXc9fo","responsiveElectrons":"Lp5Coj HNuXy3","responsiveElectronsWithCustomDelcaration":"_6gjVlf Lp5Coj HNuXy3"}