declare const foo_1: string;
declare const bar_1: string;
declare const foo_2: string;
declare const bar_2: string;
declare const foo_3: string;
declare const bar_3: string;
declare const size_1: string;
declare const size_1_sibling: string;
declare const lineHeight_1: string;
declare const lineHeight_1_sibling: string;
declare const size_2: string;
declare const size_2_sibling: string;
declare const lineHeight_2: string;
declare const lineHeight_2_sibling: string;
declare const size_3: string;
declare const size_3_sibling: string;
declare const lineHeight_3: string;
declare const lineHeight_3_sibling: string;
declare const calc1: string;
declare const child_1_1: string;
declare const modifier_1_1: string;
declare const anotherChild_1_1: string;
declare const anotherModifier_1_1: string;
declare const child_1_2: string;
declare const modifier_1_2: string;
declare const anotherChild_1_2: string;
declare const anotherModifier_1_2: string;
declare const child_1_3: string;
declare const modifier_1_3: string;
declare const anotherChild_1_3: string;
declare const anotherModifier_1_3: string;
declare const calc2: string;
declare const child_2_1: string;
declare const modifier_2_1: string;
declare const anotherChild_2_1: string;
declare const anotherModifier_2_1: string;
declare const child_2_2: string;
declare const modifier_2_2: string;
declare const anotherChild_2_2: string;
declare const anotherModifier_2_2: string;
declare const child_2_3: string;
declare const modifier_2_3: string;
declare const anotherChild_2_3: string;
declare const anotherModifier_2_3: string;
declare const calc3: string;
declare const child_3_1: string;
declare const modifier_3_1: string;
declare const anotherChild_3_1: string;
declare const anotherModifier_3_1: string;
declare const child_3_2: string;
declare const modifier_3_2: string;
declare const anotherChild_3_2: string;
declare const anotherModifier_3_2: string;
declare const child_3_3: string;
declare const modifier_3_3: string;
declare const anotherChild_3_3: string;
declare const anotherModifier_3_3: string
export { foo_1, bar_1, foo_2, bar_2, foo_3, bar_3, size_1, size_1_sibling, lineHeight_1, lineHeight_1_sibling, size_2, size_2_sibling, lineHeight_2, lineHeight_2_sibling, size_3, size_3_sibling, lineHeight_3, lineHeight_3_sibling, calc1, child_1_1, modifier_1_1, anotherChild_1_1, anotherModifier_1_1, child_1_2, modifier_1_2, anotherChild_1_2, anotherModifier_1_2, child_1_3, modifier_1_3, anotherChild_1_3, anotherModifier_1_3, calc2, child_2_1, modifier_2_1, anotherChild_2_1, anotherModifier_2_1, child_2_2, modifier_2_2, anotherChild_2_2, anotherModifier_2_2, child_2_3, modifier_2_3, anotherChild_2_3, anotherModifier_2_3, calc3, child_3_1, modifier_3_1, anotherChild_3_1, anotherModifier_3_1, child_3_2, modifier_3_2, anotherChild_3_2, anotherModifier_3_2, child_3_3, modifier_3_3, anotherChild_3_3, anotherModifier_3_3 }