{"size_1":"oPlD0W","size_1_sibling":"NRaoKv","size_2":"FCG5GQ","size_2_sibling":"H9WShg","size_3":"d8yso7","size_3_sibling":"uGM3oi","calc1":"_8N2ZPM","child_1_1":"_8Urr0R","modifier_1_1":"e2agTq","child_1_2":"vlAfUd","modifier_1_2":"PgUB93","child_1_3":"utNk9X","modifier_1_3":"bwOLNP","calc2":"Xj0KNQ","child_2_1":"SnZr3u","modifier_2_1":"tNdUvj","child_2_2":"bUAlDZ","modifier_2_2":"lpuLLH","child_2_3":"MdYjYw","modifier_2_3":"YK_gQZ","calc3":"mUzFkS","child_3_1":"KCb6ES","modifier_3_1":"_2PGpjA","child_3_2":"_4_kJbH","modifier_3_2":"eCH6U5","child_3_3":"LSjKrm","modifier_3_3":"RYF8kF"}