module.exports = {
  hero: "ZlgcWo",
  main: "uvJREe"
};