declare const hero: string;
declare const main: string
export { hero, main }