declare const fade-in: string;
declare const alias: string
export { fade-in, alias }