@keyframes fadeIn {
  0%,
  10% {
    opacity: 0;
  }
  15% {
    opacity: 0.4;
  }
  100% {
    opacity: 1;
  }
}

.fadeIn {
  animation-duration: 250ms;
  animation-name: fadeIn;
}

.alias {
  animation-duration: 250ms;
  animation-name: fadeIn;
}
