{"single-nesting":"AkiP_t","child":"l-e8AL","deep-nesting":"pBcZ8q","grandchild":"oLzZ_N","class-combination":"Vsez8s","modifier":"onlaI8","complex":"HbTeo6","child-modifier":"IEmj7p","nested":"vruPji","nested-pseudo":"DG8Mjh","hover-child":"PH_qY8","hover-child-modifier":"Tmf42F"}