.mHJuMv {
  color: red
}

  .mHJuMv .qhqOPF,
  .mHJuMv .B_oqE3 {
    color: blue;
  }

._9q-zqg {
  color: red
}

._9q-zqg .qhqOPF {
    color: blue
  }

._9q-zqg .qhqOPF .oLzZ_N {
      color: green;
    }

.nHROCZ {
  font-size: 1em
}

.nHROCZ.YZP-Tu {
    font-size: 2em;
  }

.HbTeo6 {
  font-size: 1em
}

.HbTeo6.YZP-Tu {
    color: red;
  }

.HbTeo6 {
    display: flex;
  }

.HbTeo6 .qhqOPF {
    font-size: 0.5em
  }

.HbTeo6 .qhqOPF._6cCOB0 {
      color: blue
    }

.HbTeo6 .qhqOPF._6cCOB0 .vruPji {
        color: green;
      }

.XPMGYZ {
  color: red
}

.XPMGYZ:hover {
    color: blue
  }

.XPMGYZ:hover .QMsI4n {
      color: green
    }

.XPMGYZ:hover .QMsI4n.fc23Jo {
        font-size: 2em
      }

.XPMGYZ:hover .QMsI4n.fc23Jo:after {
          content: "after";
          position: absolute;
        }
