module.exports = {
  bar: "EV62sS",
  foo_bar: "JYUOso"
};