export var bar = "EV62sS";
export var foo_bar = "JYUOso"