declare const bar: string;
declare const foo_bar: string
export { bar, foo_bar }