.EV62sS {
	color: blue;
}

.JYUOso {
	color: blue;
}
