export var simpleDeclaration = "_9M8f-j";
export var withSharedVar = "sMmOaU";
export var nested = "R2GDg-"