._9M8f-j {
  color: red;
}

.sMmOaU {
  color: blue
}

.sMmOaU .R2GDg- {
    color: green;
  }
