export var transparent = "EqdisS";
export var black = "YcXvtG";
export var white = "gnEOu0";
export var bg_transparent = "QFK-pd";
export var bg_black = "vLhOdO";
export var bg_white = "BB3914";
export var bg_transparent_active = "XMShGx";
export var bg_black_active = "pYWOaW";
export var bg_white_active = "YvQoMS";
export var bd_transparent = "ccA3wc";
export var bd_black = "_9OMGCZ";
export var bd_white = "Y1sI0i";
export var bd_transparent_focus = "WrGzoU";
export var bd_black_focus = "iSk3wh";
export var bd_white_focus = "DiF_NF";
export var transparent_mobile = "Rvp04b";
export var black_mobile = "Lp5Coj";
export var white_mobile = "HCs9Zk";
export var bg_transparent_mobile = "n9uP8O";
export var bg_black_mobile = "JGmk2f";
export var bg_white_mobile = "SrYDfc";
export var bg_transparent_active_mobile = "_09Y3xY";
export var bg_black_active_mobile = "_0yvfVT";
export var bg_white_active_mobile = "Nqx5Tu";
export var bd_transparent_mobile = "Z7zfNt";
export var bd_black_mobile = "l7cM29";
export var bd_white_mobile = "W9KYDX";
export var bd_transparent_focus_mobile = "z2U-id";
export var bd_black_focus_mobile = "_47a4aF";
export var bd_white_focus_mobile = "VDNH3K";
export var transparent_phablet = "ZG5UC9";
export var black_phablet = "_G9XCO";
export var white_phablet = "qP7xSn";
export var bg_transparent_phablet = "cT83fW";
export var bg_black_phablet = "cTzk67";
export var bg_white_phablet = "d87drd";
export var bg_transparent_active_phablet = "b_MwVS";
export var bg_black_active_phablet = "PpdrMK";
export var bg_white_active_phablet = "zi47D5";
export var bd_transparent_phablet = "ZaHZcI";
export var bd_black_phablet = "WZPKju";
export var bd_white_phablet = "tFW0c4";
export var bd_transparent_focus_phablet = "Yy_yhi";
export var bd_black_focus_phablet = "k2XnVf";
export var bd_white_focus_phablet = "_2_NizD";
export var transparent_tablet = "Aw2D45";
export var black_tablet = "_4b92dm";
export var white_tablet = "o8qdX5";
export var bg_transparent_tablet = "_8eHx03";
export var bg_black_tablet = "ltaYW3";
export var bg_white_tablet = "BhFfzx";
export var bg_transparent_active_tablet = "HV1jTO";
export var bg_black_active_tablet = "x3vCBC";
export var bg_white_active_tablet = "_8D7pd9";
export var bd_transparent_tablet = "mwSZUD";
export var bd_black_tablet = "_-9Btvy";
export var bd_white_tablet = "yGe1Ir";
export var bd_transparent_focus_tablet = "_9q2qP5";
export var bd_black_focus_tablet = "_11iKz3";
export var bd_white_focus_tablet = "HIkC1B";
export var transparent_desktop = "PBhfKy";
export var black_desktop = "CgYuy9";
export var white_desktop = "HNuXy3";
export var bg_transparent_desktop = "jZWNUM";
export var bg_black_desktop = "Ya3qdL";
export var bg_white_desktop = "nnqEoI";
export var bg_transparent_active_desktop = "AoVx-4";
export var bg_black_active_desktop = "JFpWQB";
export var bg_white_active_desktop = "eWCHpU";
export var bd_transparent_desktop = "_8z2-Ts";
export var bd_black_desktop = "p0zb6v";
export var bd_white_desktop = "CaVPgM";
export var bd_transparent_focus_desktop = "MQxQG6";
export var bd_black_focus_desktop = "j1NZTt";
export var bd_white_focus_desktop = "qn6vfj";
export var transparent_wideDesktop = "Y4hs5_";
export var black_wideDesktop = "BEwYdP";
export var white_wideDesktop = "oLHsDL";
export var bg_transparent_wideDesktop = "gFn7y6";
export var bg_black_wideDesktop = "_5_fipl";
export var bg_white_wideDesktop = "VBoBXH";
export var bg_transparent_active_wideDesktop = "sp6-_K";
export var bg_black_active_wideDesktop = "m1dGmX";
export var bg_white_active_wideDesktop = "F8ABi0";
export var bd_transparent_wideDesktop = "ycqC89";
export var bd_black_wideDesktop = "zwPMh8";
export var bd_white_wideDesktop = "nHkSni";
export var bd_transparent_focus_wideDesktop = "aqBpwF";
export var bd_black_focus_wideDesktop = "u97qUL";
export var bd_white_focus_wideDesktop = "zzHwgX";
export var transparent_hover = "_8o7AdB";
export var black_hover = "DJ9tNH";
export var white_hover = "pQ96hs";
export var bg_transparent_hover = "OW2t12";
export var bg_black_hover = "p0K3V_";
export var bg_white_hover = "u5CoHT";
export var bd_transparent_hover = "DdLERB";
export var bd_black_hover = "sSTi9U";
export var bd_white_hover = "SrlG4o";
export var transparent_hover_mobile = "MpFFe4";
export var black_hover_mobile = "sWWlLj";
export var white_hover_mobile = "o6Le8p";
export var bg_transparent_hover_mobile = "_3A_tYX";
export var bg_black_hover_mobile = "EWb8dI";
export var bg_white_hover_mobile = "ZNbZad";
export var bd_transparent_hover_mobile = "itJNZE";
export var bd_black_hover_mobile = "frDhwD";
export var bd_white_hover_mobile = "_-3tIbX";
export var transparent_hover_phablet = "_17TE5";
export var black_hover_phablet = "f_hjdE";
export var white_hover_phablet = "egCwcL";
export var bg_transparent_hover_phablet = "aR3Ubx";
export var bg_black_hover_phablet = "OkiZx1";
export var bg_white_hover_phablet = "KNhFJA";
export var bd_transparent_hover_phablet = "JS26Ed";
export var bd_black_hover_phablet = "vjwfDZ";
export var bd_white_hover_phablet = "PIMcZH";
export var transparent_hover_tablet = "VmcM14";
export var black_hover_tablet = "_4pdGQt";
export var white_hover_tablet = "_8MyiUe";
export var bg_transparent_hover_tablet = "rlsckE";
export var bg_black_hover_tablet = "VtITcW";
export var bg_white_hover_tablet = "MVQf1m";
export var bd_transparent_hover_tablet = "fXkby9";
export var bd_black_hover_tablet = "gnRIud";
export var bd_white_hover_tablet = "fFoYjL";
export var transparent_hover_desktop = "XhfU7x";
export var black_hover_desktop = "K7oBMw";
export var white_hover_desktop = "WumQPC";
export var bg_transparent_hover_desktop = "ZyQBE3";
export var bg_black_hover_desktop = "_3-idl1";
export var bg_white_hover_desktop = "uUQ62H";
export var bd_transparent_hover_desktop = "wz8Ybj";
export var bd_black_hover_desktop = "yFX9Bt";
export var bd_white_hover_desktop = "G_Ks9n";
export var transparent_hover_wideDesktop = "Tv9kwZ";
export var black_hover_wideDesktop = "_3Yc9VP";
export var white_hover_wideDesktop = "QvUeTY";
export var bg_transparent_hover_wideDesktop = "B2ZYP6";
export var bg_black_hover_wideDesktop = "XSzgJm";
export var bg_white_hover_wideDesktop = "GdsyI9";
export var bd_transparent_hover_wideDesktop = "IJQNcS";
export var bd_black_hover_wideDesktop = "vwenav";
export var bd_white_hover_wideDesktop = "EDikIT";
export var inverted = "inverted"