declare const transparent: string;
declare const black: string;
declare const white: string;
declare const transparent_hover: string;
declare const black_hover: string;
declare const white_hover: string;
declare const bg_transparent: string;
declare const bg_black: string;
declare const bg_white: string;
declare const bg_transparent_hover: string;
declare const bg_black_hover: string;
declare const bg_white_hover: string;
declare const bg_transparent_active: string;
declare const bg_black_active: string;
declare const bg_white_active: string;
declare const bd_transparent: string;
declare const bd_black: string;
declare const bd_white: string;
declare const bd_transparent_hover: string;
declare const bd_black_hover: string;
declare const bd_white_hover: string;
declare const bd_transparent_focus: string;
declare const bd_black_focus: string;
declare const bd_white_focus: string
export { transparent, black, white, transparent_hover, black_hover, white_hover, bg_transparent, bg_black, bg_white, bg_transparent_hover, bg_black_hover, bg_white_hover, bg_transparent_active, bg_black_active, bg_white_active, bd_transparent, bd_black, bd_white, bd_transparent_hover, bd_black_hover, bd_white_hover, bd_transparent_focus, bd_black_focus, bd_white_focus }