{"transparent":"QakE2g","black":"FlZUPr","white":"Mzvuzm","transparent_hover":"D-jtWk","black_hover":"MvyuCJ","white_hover":"DAusW4","bg_transparent":"K82if3","bg_black":"_1DCEC4","bg_white":"WLVhEA","bg_transparent_hover":"NoAjq-","bg_black_hover":"NMMUgq","bg_white_hover":"dpKBt2","bg_transparent_active":"nMcRmh","bg_black_active":"_49liGA","bg_white_active":"xx6zoJ","bd_transparent":"_9bYLON","bd_black":"gKUWKt","bd_white":"phITZW","bd_transparent_hover":"mJNTfH","bd_black_hover":"_2ejguH","bd_white_hover":"Tv-6q1","bd_transparent_focus":"FInkOW","bd_black_focus":"xjuxsk","bd_white_focus":"nyAsoo"}