.QakE2g {
    color: transparent
}
.FlZUPr {
    color: #111111
}
.Mzvuzm {
    color: #fafafa
}
.D-jtWk:hover {
    color: transparent
}
.MvyuCJ:hover {
    color: #111111
}
.DAusW4:hover {
    color: #fafafa
}
.K82if3 {
    background-color: transparent
}
._1DCEC4 {
    background-color: #111111
}
.WLVhEA {
    background-color: #fafafa
}
.NoAjq-:hover {
    background-color: transparent
}
.NMMUgq:hover {
    background-color: #111111
}
.dpKBt2:hover {
    background-color: #fafafa
}
.nMcRmh:active {
    background-color: transparent
}
._49liGA:active {
    background-color: #111111
}
.xx6zoJ:active {
    background-color: #fafafa
}
._9bYLON {
    border-color: transparent
}
.gKUWKt {
    border-color: #111111
}
.phITZW {
    border-color: #fafafa
}
.mJNTfH:hover {
    border-color: transparent
}
._2ejguH:hover {
    border-color: #111111
}
.Tv-6q1:hover {
    border-color: #fafafa
}
.FInkOW:focus {
    border-color: transparent
}
.xjuxsk:focus {
    border-color: #111111
}
.nyAsoo:focus {
    border-color: #fafafa
}
